
 /----------------------------------------------------------------------------\
 |  yosys -- Yosys Open SYnthesis Suite                                       |
 |  Copyright (C) 2012 - 2026  Claire Xenia Wolf <claire@yosyshq.com>         |
 |  Distributed under an ISC-like license, type "license" to see terms        |
 \----------------------------------------------------------------------------/
 Yosys 0.69+62 (git sha1 0edda7a3a-dirty, Release, Clang /usr/bin/clang++ 21.1.8)

-- Executing script file `design_prep.ys' --

1. Executing RTLIL frontend.
Input filename: design.il

2. Executing SCC pass (detecting logic loops).
Found 0 SCCs in module protoemu_barrier.
Found 0 SCCs.

3. Executing SIMPLEMAP pass (map simple cells to gate primitives).

4. Executing MEMORY_NORDFF pass (extracting $dff cells from memories).

5. Executing ASYNC2SYNC pass.

6. Executing OPT_CLEAN pass (remove unused cells and wires).
Finding unused cells or wires in module \protoemu_barrier..
Removed 80 unused cells and 80 unused wires.
<suppressed ~81 debug messages>

7. Executing FORMALFF pass.

8. Executing OPT_CLEAN pass (remove unused cells and wires).
Finding unused cells or wires in module \protoemu_barrier..

9. Executing CHECK pass (checking for obvious problems).
Checking module protoemu_barrier...
Found and reported 0 problems.

10. Executing SETUNDEF pass (replace undef values with defined constants).

11. Executing OPT pass (performing simple optimizations).

11.1. Executing OPT_EXPR pass (perform const folding).
Optimizing module protoemu_barrier.

11.2. Executing OPT_MERGE pass (detect identical cells).
Finding identical cells in module `\protoemu_barrier'.
Computing hashes of 151 cells of `\protoemu_barrier'.
Finding duplicate cells in `\protoemu_barrier'.
Removed a total of 0 cells.

11.3. Executing OPT_DFF pass (perform DFF optimizations).

11.4. Executing OPT_CLEAN pass (remove unused cells and wires).
Finding unused cells or wires in module \protoemu_barrier..

11.5. Finished fast OPT passes.

12. Executing OPT_CLEAN pass (remove unused cells and wires).
Finding unused cells or wires in module \protoemu_barrier..

13. Executing RTLIL backend.
Output filename: ../model/design_prep.il

End of script. Logfile hash: b134f54acd, time: 0.01s, user: 0.01s, system: 0.00s, MEM: 14.64 MB peak
Yosys 0.69+62 (git sha1 0edda7a3a-dirty, Release, Clang /usr/bin/clang++ 21.1.8)
Time spent: 32% 4x opt_clean (0 sec), 13% 2x read_rtlil (0 sec), ...
